Starting I3DION Spatial one-click local automation...
[OK] Node.js: node
[OK] npm: npm
[OK] Python: C:\Users\sabar\AppData\Local\Microsoft\WindowsApps\PythonSoftwareFoundation.Python.3.13_qbz5n2kfra8p0\python.exe
[WARN] PostgreSQL client not found in PATH.
[OK] Docker: docker
[OK] Project structure validated.
[OK] DATABASE_URL configured.
[OK] JWT_SECRET configured.
[OK] MINIO_ACCESS_KEY configured.
[OK] MINIO_SECRET_KEY configured.
[OK] APP_URL configured.
[OK] API_URL configured.
[WARN] VITE_API_URL missing.
[WARN] BACKEND_ENV missing.
[OK] Dependencies present for frontend
[OK] Dependencies present for backend
[WARN] Docker Compose could not start. Continuing with local services if available.
[WARN] PostgreSQL not reachable at localhost:5432.
[WARN] MinIO not reachable at localhost:9000.
[INFO] Starting backend: npm run dev
Starting I3DION Spatial one-click local automation...
[OK] Node.js: node
[OK] npm: npm
[OK] Python: C:\Users\sabar\AppData\Local\Microsoft\WindowsApps\PythonSoftwareFoundation.Python.3.13_qbz5n2kfra8p0\python.exe
[WARN] PostgreSQL client not found in PATH.
[OK] Docker: docker
[OK] Project structure validated.
[OK] DATABASE_URL configured.
[OK] JWT_SECRET configured.
[OK] MINIO_ACCESS_KEY configured.
[OK] MINIO_SECRET_KEY configured.
[OK] APP_URL configured.
[OK] API_URL configured.
[WARN] VITE_API_URL missing.
[WARN] BACKEND_ENV missing.
[OK] Dependencies present for frontend
[OK] Dependencies present for backend
[WARN] Docker Compose could not start. Continuing with local services if available.
Starting I3DION Spatial one-click local automation...
[OK] Node.js: node
[OK] npm: npm
[OK] Python: C:\Users\sabar\AppData\Local\Microsoft\WindowsApps\PythonSoftwareFoundation.Python.3.13_qbz5n2kfra8p0\python.exe
[WARN] PostgreSQL client not found in PATH.
[OK] Docker: docker
[OK] Project structure validated.
[OK] DATABASE_URL configured.
[OK] JWT_SECRET configured.
[OK] MINIO_ACCESS_KEY configured.
[OK] MINIO_SECRET_KEY configured.
[OK] APP_URL configured.
[OK] API_URL configured.
[WARN] VITE_API_URL missing.
[WARN] BACKEND_ENV missing.
[OK] Dependencies present for frontend
[OK] Dependencies present for backend
[WARN] Docker Compose could not start. Continuing with local services if available.
[WARN] PostgreSQL not reachable at localhost:5432.
[WARN] PostgreSQL not reachable at localhost:5432.
[WARN] MinIO not reachable at localhost:9000.
[INFO] Starting backend: npm run dev
[WARN] MinIO not reachable at localhost:9000.
[INFO] Starting backend: npm run dev
